============================================================
  Litho-Full: Integrated TCC + SOCS Verification Program
============================================================

[CONFIG] Simulation Parameters:
  Mask Period: 1024 x 1024
  Mask Size: 1024 x 1024
  NA: 0.8
  Defocus: 0.2
  Number of Kernels: 10
  Output Directory: /root/project/fpga-litho-accel/experiments/data/E1_multi_mask/golden/T9
  FFT Padded Size: 1024 x 1024

============================================================
[MODULE 1] Creating Source...
[STATISTICS] Source:
  Mean:    0.000098
  StdDev:  0.000134
  Max:     0.000282
  Min:     0.000000
  Samples: 0.000000 0.000000 0.000000 0.000000 0.000000
[TIME] Source creation: 107 us

============================================================
[MODULE 2] Creating Mask...
Read Mask: /root/project/fpga-litho-accel/experiments/../input/mask/Different_mask_tests/T9.bin
[STATISTICS] Mask:
  Mean:    0.302869
  StdDev:  0.459499
  Max:     1.000000
  Min:     0.000000
  Samples: 0.000000 0.000000 0.000000 0.000000 0.000000
[TIME] Mask creation: 12691 us

[PARAM] TCC Parameters:
  Outer Sigma: 0.900000
  Nx: 8, Ny: 8
  TCC Size: 289 x 289

============================================================
[MODULE 3] Computing FFT of Mask...
[SAMPLES] FFT Mask (center region):
  [511,511] = (0.015898, -0.022229)
  [511,512] = (-0.003886, -0.000118)
  [511,513] = (0.007255, 0.010427)
  [512,511] = (0.060192, -0.022722)
  [512,512] = (0.302869, 0.000000)
[TIME] FFT Mask: 49728 us

============================================================
[MODULE 4] Computing TCC Matrix...
[STATISTICS] TCC Real:
  Mean:    0.036434
  StdDev:  0.085118
  Max:     1.000000
  Min:     0.000000
  Diagonal[0]: (0.000000, 0.000000)
  Diagonal[1]: (0.000000, 0.000000)
[TIME] TCC computation: 42976 us

============================================================
[MODULE 5] Computing Aerial Image (TCC-based)...
[STATISTICS] Aerial Image (TCC):
  Mean:    0.148738
  StdDev:  0.104890
  Max:     0.446807
  Min:     0.009504
  Samples: 0.010638 0.010627 0.010618 0.010612 0.010608
[TIME] TCC Image: 31895 us

============================================================
[MODULE 6] Extracting SOCS Kernels...
[STATISTICS] SOCS Kernel Eigenvalues:
  Scale[0]: 23.010136
  Scale[1]: 9.634128
  Scale[2]: 9.634128
  Scale[3]: 2.661961
  Scale[4]: 2.638622
  Scale[5]: 1.067181
  Scale[6]: 1.067181
  Scale[7]: 0.554192
  Scale[8]: 0.553295
  Scale[9]: 0.322799
[TIME] Kernel extraction: 31701 us

============================================================
[MODULE 7] Computing Aerial Image (SOCS)...
[STATISTICS] Aerial Image (SOCS):
  Mean:    0.142724
  StdDev:  0.105024
  Max:     0.441708
  Min:     0.002158
  Samples: 0.005828 0.005808 0.005792 0.005778 0.005766
[TIME] SOCS Image: 26600 us

============================================================
[SUMMARY] Performance Breakdown:
  Module 1 (Source):     107 us
  Module 2 (Mask):       12691 us
  Module 3 (FFT Mask):   49728 us
  Module 4 (TCC):        42976 us
  Module 5 (TCC Image):  31895 us
  Module 6 (Kernels):    31701 us
  Module 7 (SOCS Image): 26600 us
  ----------------------------------------
  Total:                 556255 us (0.556255 s)
============================================================

[VERIFICATION SUMMARY] For HLS Golden Reference:
  TCC Mean (Real): 0.036434
  TCC StdDev (Real): 0.085118
  Image Mean (TCC): 0.148738
  Image Mean (SOCS): 0.142724
  Recommended tolerance: relative error < 1e-5

[DONE] Output saved to: /root/project/fpga-litho-accel/experiments/data/E1_multi_mask/golden/T9
==================================================
  FPGA-Litho Verification
==================================================
[COMPILE] Building Litho...
[COMPILE] Litho build successful!

[RUN] Starting litho Verification...
  Config: /root/project/fpga-litho-accel/experiments/config/multi_mask/config_T9_1024_nk10.json
  Output: /root/project/fpga-litho-accel/experiments/data/E1_multi_mask/golden/T9

[ANALYSIS] Verification Results
==================================================
  ✓ source.png (712 bytes)
  ✓ mask.png (11041 bytes)
  ✓ tcc_r.bin (334084 bytes)
  ✓ tcc_i.bin (334084 bytes)
  ✓ mskf_r.bin (4194304 bytes)
  ✓ mskf_i.bin (4194304 bytes)
  ✓ scales.bin (40 bytes)
  ✓ aerial_image_tcc_direct.bin (4194304 bytes)
  ✓ aerial_image_tcc_direct.png (540950 bytes)
  ✓ aerial_image_socs_kernel.bin (4194304 bytes)
  ✓ aerial_image_socs_kernel.png (538549 bytes)
  ✓ kernels/kernel_info.txt (344 bytes)

[COMPARISON] TCC vs SOCS:
  TCC  Mean: 0.148738
  SOCS Mean: 0.142724
  Max Relative Diff: 2.3816e-02
  ✓ VERIFICATION PASSED (within nk truncation tolerance)

==================================================
[SUCCESS] Verification passed!
Results: /root/project/fpga-litho-accel/experiments/data/E1_multi_mask/golden/T9
==================================================
