============================================================
  Litho-Full: Integrated TCC + SOCS Verification Program
============================================================

[CONFIG] Simulation Parameters:
  Mask Period: 1024 x 1024
  Mask Size: 1024 x 1024
  NA: 0.8
  Defocus: 0.2
  Number of Kernels: 10
  Output Directory: /root/project/fpga-litho-accel/experiments/data/E1_multi_mask/golden/T7
  FFT Padded Size: 1024 x 1024

============================================================
[MODULE 1] Creating Source...
[STATISTICS] Source:
  Mean:    0.000098
  StdDev:  0.000134
  Max:     0.000282
  Min:     0.000000
  Samples: 0.000000 0.000000 0.000000 0.000000 0.000000
[TIME] Source creation: 322 us

============================================================
[MODULE 2] Creating Mask...
Read Mask: /root/project/fpga-litho-accel/experiments/../input/mask/Different_mask_tests/T7.bin
[STATISTICS] Mask:
  Mean:    0.218534
  StdDev:  0.413251
  Max:     1.000000
  Min:     0.000000
  Samples: 0.000000 0.000000 0.000000 0.000000 0.000000
[TIME] Mask creation: 13059 us

[PARAM] TCC Parameters:
  Outer Sigma: 0.900000
  Nx: 8, Ny: 8
  TCC Size: 289 x 289

============================================================
[MODULE 3] Computing FFT of Mask...
[SAMPLES] FFT Mask (center region):
  [511,511] = (0.030059, 0.005547)
  [511,512] = (-0.039585, 0.014861)
  [511,513] = (0.027859, -0.027220)
  [512,511] = (0.036094, -0.019578)
  [512,512] = (0.218534, 0.000000)
[TIME] FFT Mask: 49636 us

============================================================
[MODULE 4] Computing TCC Matrix...
[STATISTICS] TCC Real:
  Mean:    0.036434
  StdDev:  0.085118
  Max:     1.000000
  Min:     0.000000
  Diagonal[0]: (0.000000, 0.000000)
  Diagonal[1]: (0.000000, 0.000000)
[TIME] TCC computation: 42340 us

============================================================
[MODULE 5] Computing Aerial Image (TCC-based)...
[STATISTICS] Aerial Image (TCC):
  Mean:    0.104061
  StdDev:  0.098630
  Max:     0.398244
  Min:     0.006294
  Samples: 0.025413 0.025901 0.026445 0.027045 0.027701
[TIME] TCC Image: 31683 us

============================================================
[MODULE 6] Extracting SOCS Kernels...
[STATISTICS] SOCS Kernel Eigenvalues:
  Scale[0]: 23.010136
  Scale[1]: 9.634128
  Scale[2]: 9.634128
  Scale[3]: 2.661961
  Scale[4]: 2.638622
  Scale[5]: 1.067181
  Scale[6]: 1.067181
  Scale[7]: 0.554192
  Scale[8]: 0.553295
  Scale[9]: 0.322799
[TIME] Kernel extraction: 31703 us

============================================================
[MODULE 7] Computing Aerial Image (SOCS)...
[STATISTICS] Aerial Image (SOCS):
  Mean:    0.099087
  StdDev:  0.098890
  Max:     0.393411
  Min:     0.000769
  Samples: 0.020722 0.021231 0.021794 0.022412 0.023086
[TIME] SOCS Image: 26474 us

============================================================
[SUMMARY] Performance Breakdown:
  Module 1 (Source):     322 us
  Module 2 (Mask):       13059 us
  Module 3 (FFT Mask):   49636 us
  Module 4 (TCC):        42340 us
  Module 5 (TCC Image):  31683 us
  Module 6 (Kernels):    31703 us
  Module 7 (SOCS Image): 26474 us
  ----------------------------------------
  Total:                 570530 us (0.570530 s)
============================================================

[VERIFICATION SUMMARY] For HLS Golden Reference:
  TCC Mean (Real): 0.036434
  TCC StdDev (Real): 0.085118
  Image Mean (TCC): 0.104061
  Image Mean (SOCS): 0.099087
  Recommended tolerance: relative error < 1e-5

[DONE] Output saved to: /root/project/fpga-litho-accel/experiments/data/E1_multi_mask/golden/T7
==================================================
  FPGA-Litho Verification
==================================================
[COMPILE] Building Litho...
[COMPILE] Litho build successful!

[RUN] Starting litho Verification...
  Config: /root/project/fpga-litho-accel/experiments/config/multi_mask/config_T7_1024_nk10.json
  Output: /root/project/fpga-litho-accel/experiments/data/E1_multi_mask/golden/T7

[ANALYSIS] Verification Results
==================================================
  ✓ source.png (712 bytes)
  ✓ mask.png (11007 bytes)
  ✓ tcc_r.bin (334084 bytes)
  ✓ tcc_i.bin (334084 bytes)
  ✓ mskf_r.bin (4194304 bytes)
  ✓ mskf_i.bin (4194304 bytes)
  ✓ scales.bin (40 bytes)
  ✓ aerial_image_tcc_direct.bin (4194304 bytes)
  ✓ aerial_image_tcc_direct.png (397910 bytes)
  ✓ aerial_image_socs_kernel.bin (4194304 bytes)
  ✓ aerial_image_socs_kernel.png (394811 bytes)
  ✓ kernels/kernel_info.txt (344 bytes)

[COMPARISON] TCC vs SOCS:
  TCC  Mean: 0.104061
  SOCS Mean: 0.099087
  Max Relative Diff: 2.0350e-02
  ✓ VERIFICATION PASSED (within nk truncation tolerance)

==================================================
[SUCCESS] Verification passed!
Results: /root/project/fpga-litho-accel/experiments/data/E1_multi_mask/golden/T7
==================================================
