[DEVICE] XDMA access
  h2c:             /dev/xdma0_h2c_0
  c2h:             /dev/xdma0_c2h_0
  register_access: dma
  register:        <via h2c/c2h DMA>
[LAYOUT] DDR regions
  mskf_r     0x40000000   4,194,304 bytes
  mskf_i     0x40400000   4,194,304 bytes
  scales     0x40800000          40 bytes
  krn_r      0x40880000      11,560 bytes
  krn_i      0x40900000      11,560 bytes
  tmpImg_ddr 0x40980000      65,536 bytes
  output     0x40990000      65,536 bytes
[LAYOUT] HLS parameters
  Lx=1024, Ly=1024, Nx=8, Ny=8, nk=10
  kernel=17x17, output=16384 floats
[DMA H2C] mskf_r : writing 4,194,304 bytes
[DMA H2C] mskf_r :    4.00 MiB in 0.006s (705.61 MiB/s)
[DMA H2C] mskf_i : writing 4,194,304 bytes
[DMA H2C] mskf_i :    4.00 MiB in 0.010s (391.94 MiB/s)
[DMA H2C] scales : writing 40 bytes
[DMA H2C] scales :    0.00 MiB in 0.000s (0.36 MiB/s)
[DMA H2C] krn_r  : writing 11,560 bytes
[DMA H2C] krn_r  :    0.01 MiB in 0.000s (95.95 MiB/s)
[DMA H2C] krn_i  : writing 11,560 bytes
[DMA H2C] krn_i  :    0.01 MiB in 0.000s (115.90 MiB/s)
[HLS] AXI-Lite register configuration readback PASS
[HLS] ap_ctrl before start: 0x00000004
[HLS] ap_ctrl done:         0x0000000e
[DMA C2H] output :    0.06 MiB in 0.000s (241.57 MiB/s)

[SUMMARY]
  tmpImgp_vs_golden: PASS RMSE=2.7490688510e-08, MaxAbs=2.5331974030e-07, MaxRel=2.7229501531e-06
  host_FI_vs_golden_SOCS: PASS RMSE=2.7715328076e-08, MaxAbs=2.8312206268e-07, MaxRel=6.2021986536e-06
  host_FI_vs_TCC_direct: PASS RMSE=4.8490692451e-03, MaxAbs=7.9291462898e-03, MaxRel=9.2826170566e-01
  Report: /root/project/fpga-litho-accel/experiments/runs/E1_multi_mask/T3/full_platform_report.md
  Timing: /root/project/fpga-litho-accel/experiments/runs/E1_multi_mask/T3/timing.csv
  Metrics: /root/project/fpga-litho-accel/experiments/runs/E1_multi_mask/T3/metrics.csv
