[DEVICE] XDMA access
  h2c:             /dev/xdma0_h2c_0
  c2h:             /dev/xdma0_c2h_0
  register_access: dma
  register:        <via h2c/c2h DMA>
[LAYOUT] DDR regions
  mskf_r     0x40000000   4,194,304 bytes
  mskf_i     0x40400000   4,194,304 bytes
  scales     0x40800000          40 bytes
  krn_r      0x40880000       9,000 bytes
  krn_i      0x40900000       9,000 bytes
  tmpImg_ddr 0x40980000      65,536 bytes
  output     0x40990000      65,536 bytes
[LAYOUT] HLS parameters
  Lx=1024, Ly=1024, Nx=7, Ny=7, nk=10
  kernel=15x15, output=16384 floats
[DMA H2C] mskf_r : writing 4,194,304 bytes
[DMA H2C] mskf_r :    4.00 MiB in 0.006s (723.64 MiB/s)
[DMA H2C] mskf_i : writing 4,194,304 bytes
[DMA H2C] mskf_i :    4.00 MiB in 0.006s (622.50 MiB/s)
[DMA H2C] scales : writing 40 bytes
[DMA H2C] scales :    0.00 MiB in 0.000s (0.36 MiB/s)
[DMA H2C] krn_r  : writing 9,000 bytes
[DMA H2C] krn_r  :    0.01 MiB in 0.000s (79.47 MiB/s)
[DMA H2C] krn_i  : writing 9,000 bytes
[DMA H2C] krn_i  :    0.01 MiB in 0.000s (38.18 MiB/s)
[HLS] AXI-Lite register configuration readback PASS
[HLS] ap_ctrl before start: 0x00000004
[HLS] ap_ctrl done:         0x0000000e
[DMA C2H] output :    0.06 MiB in 0.000s (257.56 MiB/s)

[SUMMARY]
  tmpImgp_vs_golden: PASS RMSE=4.0129175445e-08, MaxAbs=3.5762786865e-07, MaxRel=2.3633847027e-06
  host_FI_vs_golden_SOCS: PASS RMSE=4.0445949066e-08, MaxAbs=4.1723251343e-07, MaxRel=9.9255010358e-06
  host_FI_vs_TCC_direct: PASS RMSE=1.6950235626e-03, MaxAbs=4.5669823885e-03, MaxRel=7.5278438281e-01
  Report: /root/project/fpga-litho-accel/experiments/runs/E4_optical_config/cross_quadrupole/full_platform_report.md
  Timing: /root/project/fpga-litho-accel/experiments/runs/E4_optical_config/cross_quadrupole/timing.csv
  Metrics: /root/project/fpga-litho-accel/experiments/runs/E4_optical_config/cross_quadrupole/metrics.csv
