[DEVICE] XDMA access
  h2c:             /dev/xdma0_h2c_0
  c2h:             /dev/xdma0_c2h_0
  register_access: dma
  register:        <via h2c/c2h DMA>
[LAYOUT] DDR regions
  mskf_r     0x40000000   4,194,304 bytes
  mskf_i     0x40400000   4,194,304 bytes
  scales     0x40800000          40 bytes
  krn_r      0x40880000      11,560 bytes
  krn_i      0x40900000      11,560 bytes
  tmpImg_ddr 0x40980000      65,536 bytes
  output     0x40990000      65,536 bytes
[LAYOUT] HLS parameters
  Lx=1024, Ly=1024, Nx=8, Ny=8, nk=10
  kernel=17x17, output=16384 floats
[DMA H2C] mskf_r : writing 4,194,304 bytes
[DMA H2C] mskf_r :    4.00 MiB in 0.005s (755.25 MiB/s)
[DMA H2C] mskf_i : writing 4,194,304 bytes
[DMA H2C] mskf_i :    4.00 MiB in 0.006s (623.05 MiB/s)
[DMA H2C] scales : writing 40 bytes
[DMA H2C] scales :    0.00 MiB in 0.000s (0.26 MiB/s)
[DMA H2C] krn_r  : writing 11,560 bytes
[DMA H2C] krn_r  :    0.01 MiB in 0.000s (56.28 MiB/s)
[DMA H2C] krn_i  : writing 11,560 bytes
[DMA H2C] krn_i  :    0.01 MiB in 0.000s (75.70 MiB/s)
[HLS] AXI-Lite register configuration readback PASS
[HLS] ap_ctrl before start: 0x00000004
[HLS] ap_ctrl done:         0x0000000e
[DMA C2H] output :    0.06 MiB in 0.000s (229.10 MiB/s)

[SUMMARY]
  tmpImgp_vs_golden: PASS RMSE=2.0106136079e-08, MaxAbs=2.0861625671e-07, MaxRel=2.9638127582e-06
  host_FI_vs_golden_SOCS: PASS RMSE=2.0398408012e-08, MaxAbs=2.3841857910e-07, MaxRel=1.8035124694e-05
  host_FI_vs_TCC_direct: PASS RMSE=3.5033675417e-03, MaxAbs=5.8210194111e-03, MaxRel=9.6290271767e-01
  Report: /root/project/fpga-litho-accel/experiments/runs/E1_multi_mask/T8/full_platform_report.md
  Timing: /root/project/fpga-litho-accel/experiments/runs/E1_multi_mask/T8/timing.csv
  Metrics: /root/project/fpga-litho-accel/experiments/runs/E1_multi_mask/T8/metrics.csv
