============================================================
  Litho-Full: Integrated TCC + SOCS Verification Program
============================================================

[CONFIG] Simulation Parameters:
  Mask Period: 1024 x 1024
  Mask Size: 1024 x 1024
  NA: 0.8
  Defocus: 0.2
  Number of Kernels: 10
  Output Directory: /root/project/fpga-litho-accel/experiments/data/E4_optical_config/golden/dipole_x
  FFT Padded Size: 1024 x 1024

============================================================
[MODULE 1] Creating Source...
[STATISTICS] Source:
  Mean:    0.000098
  StdDev:  0.000381
  Max:     0.001577
  Min:     0.000000
  Samples: 0.000000 0.000000 0.000000 0.000000 0.000000
[TIME] Source creation: 142 us

============================================================
[MODULE 2] Creating Mask...
Read Mask: /root/project/fpga-litho-accel/experiments/../input/mask/1024x1024.bin
[STATISTICS] Mask:
  Mean:    0.205368
  StdDev:  0.403970
  Max:     1.000000
  Min:     0.000000
  Samples: 0.000000 0.000000 0.000000 0.000000 0.000000
[TIME] Mask creation: 12984 us

[PARAM] TCC Parameters:
  Outer Sigma: 0.800000
  Nx: 7, Ny: 7
  TCC Size: 225 x 225

============================================================
[MODULE 3] Computing FFT of Mask...
[SAMPLES] FFT Mask (center region):
  [511,511] = (0.026167, -0.002220)
  [511,512] = (0.063272, 0.000934)
  [511,513] = (0.017988, -0.001101)
  [512,511] = (0.099257, 0.036346)
  [512,512] = (0.205368, 0.000000)
[TIME] FFT Mask: 49324 us

============================================================
[MODULE 4] Computing TCC Matrix...
[STATISTICS] TCC Real:
  Mean:    0.060262
  StdDev:  0.147250
  Max:     1.000000
  Min:     0.000000
  Diagonal[0]: (0.000000, 0.000000)
  Diagonal[1]: (0.000000, 0.000000)
[TIME] TCC computation: 15902 us

============================================================
[MODULE 5] Computing Aerial Image (TCC-based)...
[STATISTICS] Aerial Image (TCC):
  Mean:    0.096996
  StdDev:  0.111508
  Max:     0.412658
  Min:     0.001324
  Samples: 0.003444 0.003462 0.003478 0.003493 0.003505
[TIME] TCC Image: 30994 us

============================================================
[MODULE 6] Extracting SOCS Kernels...
[STATISTICS] SOCS Kernel Eigenvalues:
  Scale[0]: 32.415409
  Scale[1]: 17.396725
  Scale[2]: 1.234204
  Scale[3]: 1.051879
  Scale[4]: 0.999189
  Scale[5]: 0.819077
  Scale[6]: 0.288728
  Scale[7]: 0.249040
  Scale[8]: 0.208909
  Scale[9]: 0.192374
[TIME] Kernel extraction: 14961 us

============================================================
[MODULE 7] Computing Aerial Image (SOCS)...
[STATISTICS] Aerial Image (SOCS):
  Mean:    0.095964
  StdDev:  0.111464
  Max:     0.411462
  Min:     0.000354
  Samples: 0.002443 0.002459 0.002474 0.002487 0.002498
[TIME] SOCS Image: 26557 us

============================================================
[SUMMARY] Performance Breakdown:
  Module 1 (Source):     142 us
  Module 2 (Mask):       12984 us
  Module 3 (FFT Mask):   49324 us
  Module 4 (TCC):        15902 us
  Module 5 (TCC Image):  30994 us
  Module 6 (Kernels):    14961 us
  Module 7 (SOCS Image): 26557 us
  ----------------------------------------
  Total:                 488559 us (0.488559 s)
============================================================

[VERIFICATION SUMMARY] For HLS Golden Reference:
  TCC Mean (Real): 0.060262
  TCC StdDev (Real): 0.147250
  Image Mean (TCC): 0.096996
  Image Mean (SOCS): 0.095964
  Recommended tolerance: relative error < 1e-5

[DONE] Output saved to: /root/project/fpga-litho-accel/experiments/data/E4_optical_config/golden/dipole_x
[CLEAN] Removing existing output directory: /root/project/fpga-litho-accel/experiments/data/E4_optical_config/golden/dipole_x
==================================================
  FPGA-Litho Verification
==================================================
[COMPILE] Building Litho...
[COMPILE] Litho build successful!

[RUN] Starting litho Verification...
  Config: /root/project/fpga-litho-accel/experiments/config/E4_optical_config/dipole_x.json
  Output: /root/project/fpga-litho-accel/experiments/data/E4_optical_config/golden/dipole_x

[ANALYSIS] Verification Results
==================================================
  ✓ source.png (257 bytes)
  ✓ mask.png (10930 bytes)
  ✓ tcc_r.bin (202500 bytes)
  ✓ tcc_i.bin (202500 bytes)
  ✓ mskf_r.bin (4194304 bytes)
  ✓ mskf_i.bin (4194304 bytes)
  ✓ scales.bin (40 bytes)
  ✓ aerial_image_tcc_direct.bin (4194304 bytes)
  ✓ aerial_image_tcc_direct.png (451361 bytes)
  ✓ aerial_image_socs_kernel.bin (4194304 bytes)
  ✓ aerial_image_socs_kernel.png (450270 bytes)
  ✓ kernels/kernel_info.txt (345 bytes)

[COMPARISON] TCC vs SOCS:
  TCC  Mean: 0.096996
  SOCS Mean: 0.095964
  Max Relative Diff: 5.3127e-03
  ✓ VERIFICATION PASSED (within nk truncation tolerance)

==================================================
[SUCCESS] Verification passed!
Results: /root/project/fpga-litho-accel/experiments/data/E4_optical_config/golden/dipole_x
==================================================
