[DEVICE] XDMA access
  h2c:             /dev/xdma0_h2c_0
  c2h:             /dev/xdma0_c2h_0
  register_access: dma
  register:        <via h2c/c2h DMA>
[LAYOUT] DDR regions
  mskf_r     0x40000000   4,194,304 bytes
  mskf_i     0x40400000   4,194,304 bytes
  scales     0x40800000          40 bytes
  krn_r      0x40880000       6,760 bytes
  krn_i      0x40900000       6,760 bytes
  tmpImg_ddr 0x40980000      65,536 bytes
  output     0x40990000      65,536 bytes
[LAYOUT] HLS parameters
  Lx=1024, Ly=1024, Nx=6, Ny=6, nk=10
  kernel=13x13, output=16384 floats
[DMA H2C] mskf_r : writing 4,194,304 bytes
[DMA H2C] mskf_r :    4.00 MiB in 0.005s (756.03 MiB/s)
[DMA H2C] mskf_i : writing 4,194,304 bytes
[DMA H2C] mskf_i :    4.00 MiB in 0.005s (796.54 MiB/s)
[DMA H2C] scales : writing 40 bytes
[DMA H2C] scales :    0.00 MiB in 0.000s (0.89 MiB/s)
[DMA H2C] krn_r  : writing 6,760 bytes
[DMA H2C] krn_r  :    0.01 MiB in 0.000s (178.32 MiB/s)
[DMA H2C] krn_i  : writing 6,760 bytes
[DMA H2C] krn_i  :    0.01 MiB in 0.000s (159.63 MiB/s)
[HLS] AXI-Lite register configuration readback PASS
[HLS] ap_ctrl before start: 0x00000004
[HLS] ap_ctrl done:         0x0000000e
[DMA C2H] output :    0.06 MiB in 0.000s (272.32 MiB/s)

[SUMMARY]
  tmpImgp_vs_golden: PASS RMSE=1.9346394125e-08, MaxAbs=1.3411045074e-07, MaxRel=1.2204888839e-06
  host_FI_vs_golden_SOCS: PASS RMSE=1.9540976939e-08, MaxAbs=1.7881393433e-07, MaxRel=2.3690621333e-06
  host_FI_vs_TCC_direct: PASS RMSE=4.1902554350e-03, MaxAbs=7.1894377470e-03, MaxRel=8.1384945138e-01
  Report: /root/project/fpga-litho-accel/experiments/runs/E4_optical_config/annular_na_0_6/full_platform_report.md
  Timing: /root/project/fpga-litho-accel/experiments/runs/E4_optical_config/annular_na_0_6/timing.csv
  Metrics: /root/project/fpga-litho-accel/experiments/runs/E4_optical_config/annular_na_0_6/metrics.csv
