============================================================
  Litho-Full: Integrated TCC + SOCS Verification Program
============================================================

[CONFIG] Simulation Parameters:
  Mask Period: 1024 x 1024
  Mask Size: 1024 x 1024
  NA: 0.6
  Defocus: 0.2
  Number of Kernels: 10
  Output Directory: /root/project/fpga-litho-accel/experiments/data/E4_optical_config/golden/annular_na_0_6
  FFT Padded Size: 1024 x 1024

============================================================
[MODULE 1] Creating Source...
[STATISTICS] Source:
  Mean:    0.000098
  StdDev:  0.000134
  Max:     0.000282
  Min:     0.000000
  Samples: 0.000000 0.000000 0.000000 0.000000 0.000000
[TIME] Source creation: 130 us

============================================================
[MODULE 2] Creating Mask...
Read Mask: /root/project/fpga-litho-accel/experiments/../input/mask/1024x1024.bin
[STATISTICS] Mask:
  Mean:    0.205368
  StdDev:  0.403970
  Max:     1.000000
  Min:     0.000000
  Samples: 0.000000 0.000000 0.000000 0.000000 0.000000
[TIME] Mask creation: 13085 us

[PARAM] TCC Parameters:
  Outer Sigma: 0.900000
  Nx: 6, Ny: 6
  TCC Size: 169 x 169

============================================================
[MODULE 3] Computing FFT of Mask...
[SAMPLES] FFT Mask (center region):
  [511,511] = (0.026167, -0.002220)
  [511,512] = (0.063272, 0.000934)
  [511,513] = (0.017988, -0.001101)
  [512,511] = (0.099257, 0.036346)
  [512,512] = (0.205368, 0.000000)
[TIME] FFT Mask: 49941 us

============================================================
[MODULE 4] Computing TCC Matrix...
[STATISTICS] TCC Real:
  Mean:    0.034142
  StdDev:  0.083176
  Max:     1.000000
  Min:     0.000000
  Diagonal[0]: (0.000000, 0.000000)
  Diagonal[1]: (0.000000, 0.000000)
[TIME] TCC computation: 16733 us

============================================================
[MODULE 5] Computing Aerial Image (TCC-based)...
[STATISTICS] Aerial Image (TCC):
  Mean:    0.080452
  StdDev:  0.073591
  Max:     0.278548
  Min:     0.004934
  Samples: 0.005508 0.005495 0.005482 0.005470 0.005459
[TIME] TCC Image: 23896 us

============================================================
[MODULE 6] Extracting SOCS Kernels...
[STATISTICS] SOCS Kernel Eigenvalues:
  Scale[0]: 13.036814
  Scale[1]: 5.463051
  Scale[2]: 5.463051
  Scale[3]: 1.501340
  Scale[4]: 1.495887
  Scale[5]: 0.611351
  Scale[6]: 0.611351
  Scale[7]: 0.335874
  Scale[8]: 0.304880
  Scale[9]: 0.198686
[TIME] Kernel extraction: 10232 us

============================================================
[MODULE 7] Computing Aerial Image (SOCS)...
[STATISTICS] Aerial Image (SOCS):
  Mean:    0.076326
  StdDev:  0.073836
  Max:     0.275525
  Min:     0.001008
  Samples: 0.001520 0.001510 0.001500 0.001490 0.001480
[TIME] SOCS Image: 26695 us

============================================================
[SUMMARY] Performance Breakdown:
  Module 1 (Source):     130 us
  Module 2 (Mask):       13085 us
  Module 3 (FFT Mask):   49941 us
  Module 4 (TCC):        16733 us
  Module 5 (TCC Image):  23896 us
  Module 6 (Kernels):    10232 us
  Module 7 (SOCS Image): 26695 us
  ----------------------------------------
  Total:                 476912 us (0.476912 s)
============================================================

[VERIFICATION SUMMARY] For HLS Golden Reference:
  TCC Mean (Real): 0.034142
  TCC StdDev (Real): 0.083176
  Image Mean (TCC): 0.080452
  Image Mean (SOCS): 0.076326
  Recommended tolerance: relative error < 1e-5

[DONE] Output saved to: /root/project/fpga-litho-accel/experiments/data/E4_optical_config/golden/annular_na_0_6
[CLEAN] Removing existing output directory: /root/project/fpga-litho-accel/experiments/data/E4_optical_config/golden/annular_na_0_6
==================================================
  FPGA-Litho Verification
==================================================
[COMPILE] Building Litho...
[COMPILE] Litho build successful!

[RUN] Starting litho Verification...
  Config: /root/project/fpga-litho-accel/experiments/config/E4_optical_config/annular_na_0_6.json
  Output: /root/project/fpga-litho-accel/experiments/data/E4_optical_config/golden/annular_na_0_6

[ANALYSIS] Verification Results
==================================================
  ✓ source.png (712 bytes)
  ✓ mask.png (10930 bytes)
  ✓ tcc_r.bin (114244 bytes)
  ✓ tcc_i.bin (114244 bytes)
  ✓ mskf_r.bin (4194304 bytes)
  ✓ mskf_i.bin (4194304 bytes)
  ✓ scales.bin (40 bytes)
  ✓ aerial_image_tcc_direct.bin (4194304 bytes)
  ✓ aerial_image_tcc_direct.png (455468 bytes)
  ✓ aerial_image_socs_kernel.bin (4194304 bytes)
  ✓ aerial_image_socs_kernel.png (453270 bytes)
  ✓ kernels/kernel_info.txt (345 bytes)

[COMPARISON] TCC vs SOCS:
  TCC  Mean: 0.080452
  SOCS Mean: 0.076326
  Max Relative Diff: 2.5811e-02
  ✓ VERIFICATION PASSED (within nk truncation tolerance)

==================================================
[SUCCESS] Verification passed!
Results: /root/project/fpga-litho-accel/experiments/data/E4_optical_config/golden/annular_na_0_6
==================================================
